[Map]
image=Jackhammer 2.bmp
wrap=no
scroll=horizontal
author=Jeff S
warn=yes

[Continents]
One=1
Two=2
Three=3
Four=4
Five=5
Six=6
Seven=7
Eight=8
Nine=9
Ten=10
Eleven=11
Twelve=12


[Territories]
One1,217,137,One,Two1,Three1

Two1,179,42,Two,Two2,One1
Two2,139,40,Two,Two1,Four2

Three1,197,234,Three,One1,Three2
Three2,171,206,Three,Three1,Three3
Three3,144,234,Three,Three2,Five1

Four1,91,24,Four,Four2,Four3
Four2,91,62,Four,Four1,Four4,Two2,Six3
Four3,48,25,Four,Four1,Four4
Four4,48,64,Four,Four3,Four2

Five1,98,199,Five,Five5,Three3,Six4
Five2,97,251,Five,Five5
Five3,47,200,Five,Five5
Five4,47,253,Five,Five5
Five5,72,228,Five,Five1,Five2,Five3,Five4

Six1,157,113,Six,Six2,Six3
Six2,156,156,Six,Six1,Six4
Six3,117,115,Six,Six1,Six4,Six5,Four2
Six4,116,142,Six,Six2,Six3,Six6,Five1,Seven3
Six5,76,114,Six,Six3,Six6
Six6,77,156,Six,Six4,Six5

Seven1,406,186,Seven,Seven2,Seven7
Seven2,444,186,Seven,Seven1,Seven3,Seven6,Seven7
Seven3,485,172,Seven,Seven2,Seven4,Seven5,Seven6,Nine6,Six4
Seven4,526,184,Seven,Seven3,Seven5
Seven5,505,211,Seven,Seven3,Seven4,Seven6
Seven6,464,213,Seven,Seven2,Seven3,Seven5,Seven7,Eight2
Seven7,423,213,Seven,Seven1,Seven2,Seven6

Eight1,551,268,Eight,Eight2,Eight5
Eight2,506,267,Eight,Eight1,Eight3,Eight6,Seven6
Eight3,470,269,Eight,Eight2,Eight4,Eight7
Eight4,428,267,Eight,Eight3,Eight8,Ten2
Eight5,553,308,Eight,Eight1,Eight6
Eight6,509,308,Eight,Eight2,Eight5,Eight7
Eight7,471,308,Eight,Eight3,Eight8,Eight6
Eight8,429,306,Eight,Eight4,Eight7

Nine1,560,106,Nine,Nine2,Nine6
Nine2,563,67,Nine,Nine1,Nine3,Nine5
Nine3,561,27,Nine,Nine2,Nine4
Nine4,523,28,Nine,Nine3,Nine5,Nine7
Nine5,520,65,Nine,Nine2,Nine4,Nine6,Nine8
Nine6,523,105,Nine,Nine1,Nine5,Nine9,Seven3
Nine7,481,27,Nine,Nine4,Nine8
Nine8,482,64,Nine,Nine7,Nine5,Nine9,Eleven2
Nine9,481,108,Nine,Nine6,Nine8

Ten1,376,234,Ten,Ten2
Ten2,377,275,Ten,Ten1,Ten3,Ten4,Eight4
Ten3,376,315,Ten,Ten2,Ten4,Ten5
Ten4,344,295,Ten,Ten2,Ten3,Ten5,Ten6
Ten5,342,338,Ten,Ten3,Ten4,Ten7
Ten6,303,296,Ten,Ten4,Ten7,Ten8,Twelve5
Ten7,303,334,Ten,Ten5,Ten6,Ten9
Ten8,261,296,Ten,Ten6,Ten9,Ten10
Ten9,264,338,Ten,Ten7,Ten8,Ten10
Ten10,234,317,Ten,Ten8,Ten9

Eleven1,434,26,Eleven,Eleven2,Eleven4
Eleven2,434,65,Eleven,Eleven1,Eleven3,Eleven5,Nine8
Eleven3,434,106,Eleven,Eleven2,Eleven6,Eleven11
Eleven4,392,23,Eleven,Eleven1,Eleven5,Eleven7
Eleven5,392,66,Eleven,Eleven2,Eleven4,Eleven6,Eleven8
Eleven6,393,107,Eleven,Eleven3,Eleven5,Eleven9,Eleven10,Eleven11
Eleven7,352,26,Eleven,Eleven4,Eleven8
Eleven8,353,66,Eleven,Eleven7,Eleven5,Eleven9,Twelve1
Eleven9,353,106,Eleven,Eleven8,Eleven6,Eleven10
Eleven10,374,137,Eleven,Eleven6,Eleven9,Eleven11
Eleven11,415,135,Eleven,Eleven3,Eleven6,Eleven10

Twelve1,307,85,Twelve,Twelve2,Twelve6,Eleven8
Twelve2,305,124,Twelve,Twelve1,Twelve3,Twelve7
Twelve3,302,164,Twelve,Twelve2,Twelve8,Twelve4,Twelve11
Twelve4,302,206,Twelve,Twelve3,Twelve5,Twelve9,Twelve12
Twelve5,307,244,Twelve,Twelve4,Twelve10,Ten6
Twelve6,265,84,Twelve,Twelve1,Twelve7
Twelve7,264,125,Twelve,Twelve2,Twelve6,Twelve8
Twelve8,265,163,Twelve,Twelve3,Twelve7,Twelve9
Twelve9,265,205,Twelve,Twelve4,Twelve8,Twelve10
Twelve10,264,246,Twelve,Twelve9,Twelve5
Twelve11,332,165,Twelve,Twelve3,Twelve12
Twelve12,334,202,Twelve,Twelve11,Twelve4