[Map]
author=Jon Manning
image=Urban Siege.bmp
wrap=no
scroll=none
warn=yes

[Continents]
Northwest Burbs=2
West Side=3
Southwest Burbs=3
Southside=6
Downtown=4
Uptown=3
Eastside=4

[Territories]
NBA,36,22,Northwest Burbs,NBB,NBD
NBB,137,17,Northwest Burbs,NBA,NBC,NBE
NBC,243,25,Northwest Burbs,NBB,NBF,UTD
NBD,29,105,Northwest Burbs,NBA,NBE,WSC,WSB
NBE,139,101,Northwest Burbs,NBB,NBD,NBF,WSB,WSA
NBF,244,103,Northwest Burbs,NBC,NBE,UTD,UTC,WSA

WSA,198,313,West Side,WSB,WSE,NBE,NBF,DTA,DTI,SBA,SBK
WSB,99,261,West Side,WSA,WSC,WSD,WSE,NBD,NBE
WSC,24,254,West Side,WSB,WSD,NBD
WSD,30,363,West Side,WSB,WSC,WSE,SBI,SBJ
WSE,107,368,West Side,WSA,WSB,WSD,SBJ,SBK

SBA,233,526,Southwest Burbs,SBB,SBK,WSA,SSA
SBB,236,597,Southwest Burbs,SBA,SBC,SBG,SBK,SSA,SSN
SBC,239,650,Southwest Burbs,SBB,SBD,SBD,SBG,SSN
SBD,239,708,Southwest Burbs,SBC,SBE,SBF,SBG,SSM
SBE,239,769,Southwest Burbs,SBD,SBF,SSL,SSM
SBF,113,771,Southwest Burbs,SBD,SBE,SBG,SBH
SBG,123,655,Southwest Burbs,SBB,SBC,SBC,SBD,SBF,SBH,SBJ,SBK
SBH,17,676,Southwest Burbs,SBF,SBG,SBI,SBJ
SBI,17,532,Southwest Burbs,SBH,SBJ,WSD
SBJ,75,510,Southwest Burbs,SBG,SBH,SBI,SBK,WSD,WSE
SBK,144,532,Southwest Burbs,SBA,SBB,SBG,SBJ,WSA,WSE

SSA,403,525,Southside,SSB,SSN,DTA,SBA,SBB
SSB,472,525,Southside,SSA,SSC,SSJ,SSN,DTB
SSC,516,525,Southside,SSB,SSD,SSJ,DTB
SSD,567,525,Southside,SSC,SSE,SSJ,DTB,DTC
SSE,624,525,Southside,SSD,SSF,SSJ,DTC,ESA
SSF,689,629,Southside,SSE,SSG,SSJ,ESA,ESJ
SSG,737,682,Southside,SSF,SSH,SSJ,ESJ
SSH,788,735,Southside,SSG,SSI,ESJ
SSI,836,783,Southside,SSH,ESI
SSJ,529,713,Southside,SSB,SSC,SSD,SSE,SSF,SSG,SSK,SSN
SSK,431,735,Southside,SSJ,SSL,SSM,SSN
SSL,377,785,Southside,SSK,SSM,SBE
SSM,372,715,Southside,SSK,SSL,SSN,SBD,SBE
SSN,392,627,Southside,SSA,SSB,SSJ,SSK,SSM,SBB,SBC

DTA,414,367,Downtown,DTI,DTB,WSA,SSA
DTB,505,360,Downtown,DTA,DTC,DTF,DTG,DTH,SSB,SSC,SSD
DTC,591,367,Downtown,DTB,DTD,DTE,DTF,SSD,SSE,ESA
DTD,685,306,Downtown,DTC,DTE,UTG,ESA
DTE,629,253,Downtown,DTC,DTD,DTF,UTA,UTG
DTF,571,254,Downtown,DTB,DTC,DTE,DTG,UTA,UTB
DTG,523,254,Downtown,DTB,DTF,DTH,UTB
DTH,478,254,Downtown,DTB,DTG,DTI,UTB
DTI,397,254,Downtown,DTA,DTH,WSA,UTB,UTC

UTA,624,110,Uptown,UTB,UTE,UTF,UTG,DTE,DTF
UTB,474,102,Uptown,UTA,UTC,UTD,UTE,DTF,DTG,DTH,DTI
UTC,359,115,Uptown,UTB,UTD,NBF,DTI
UTD,416,30,Uptown,UTB,UTC,UTE,NBC,NBF
UTE,584,18,Uptown,UTA,UTB,UTD,UTF
UTF,741,60,Uptown,UTA,UTE,UTG,UTI,UTH
UTG,768,153,Uptown,UTA,UTF,UTH,DTD,DTE,ESB
UTH,892,90,Uptown,UTF,UTG,UTI,UTJ,ESC
UTI,864,16,Uptown,UTF,UTH,UTJ
UTJ,972,28,Uptown,UTH,UTI,ESD

ESA,808,456,Eastside,ESB,ESE,ESF,ESJ,DTC,DTD,SSE,SSF
ESB,862,324,Eastside,ESA,ESC,ESE,UTG
ESC,955,252,Eastside,ESB,ESD,ESE,UTH
ESD,985,166,Eastside,ESC,UTJ
ESE,942,375,Eastside,ESA,ESB,ESC,ESG,ESF
ESF,895,489,Eastside,ESA,ESE,ESG,ESH,ESJ
ESG,976,496,Eastside,ESE,ESF,ESH
ESH,967,588,Eastside,ESF,ESG,ESI,ESJ
ESI,973,694,Eastside,ESH,ESJ,SSI
ESJ,878,600,Eastside,ESA,ESF,ESH,ESI,SSF,SSG,SSH